###############################################################################
#
# IAR ELF Linker V7.40.2.8542/W32 for ARM                 23/Apr/2016  21:48:20
# Copyright 2007-2015 IAR Systems AB.
#
#    Output file  =  
#        F:\Freescale\Debug\2016_04_23\Prj\IAR\FX15_Debug\Exe\fire_Kinetis.out
#    Map file     =  
#        F:\Freescale\Debug\2016_04_23\Prj\IAR\FX15_Debug\List\fire_Kinetis.map
#    Command line =  
#        F:\Freescale\Debug\2016_04_23\Prj\IAR\FX15_Debug\Obj\CCDA.o
#        F:\Freescale\Debug\2016_04_23\Prj\IAR\FX15_Debug\Obj\CCDB.o
#        F:\Freescale\Debug\2016_04_23\Prj\IAR\FX15_Debug\Obj\diskio.o
#        F:\Freescale\Debug\2016_04_23\Prj\IAR\FX15_Debug\Obj\Encoder.o
#        F:\Freescale\Debug\2016_04_23\Prj\IAR\FX15_Debug\Obj\ff.o
#        F:\Freescale\Debug\2016_04_23\Prj\IAR\FX15_Debug\Obj\FIRE_ASCII.o
#        F:\Freescale\Debug\2016_04_23\Prj\IAR\FX15_Debug\Obj\FIRE_BMP.o
#        F:\Freescale\Debug\2016_04_23\Prj\IAR\FX15_Debug\Obj\fire_img2sd.o
#        F:\Freescale\Debug\2016_04_23\Prj\IAR\FX15_Debug\Obj\FIRE_key.o
#        F:\Freescale\Debug\2016_04_23\Prj\IAR\FX15_Debug\Obj\FIRE_key_event.o
#        F:\Freescale\Debug\2016_04_23\Prj\IAR\FX15_Debug\Obj\FIRE_LCD.o
#        F:\Freescale\Debug\2016_04_23\Prj\IAR\FX15_Debug\Obj\FIRE_LCD_CH.o
#        F:\Freescale\Debug\2016_04_23\Prj\IAR\FX15_Debug\Obj\FIRE_LCD_ILI9341.o
#        F:\Freescale\Debug\2016_04_23\Prj\IAR\FX15_Debug\Obj\FIRE_LCD_ST7735R.o
#        F:\Freescale\Debug\2016_04_23\Prj\IAR\FX15_Debug\Obj\FIRE_LCD_ST7735S.o
#        F:\Freescale\Debug\2016_04_23\Prj\IAR\FX15_Debug\Obj\FIRE_LED.o
#        F:\Freescale\Debug\2016_04_23\Prj\IAR\FX15_Debug\Obj\FIRE_MK60_conf.o
#        F:\Freescale\Debug\2016_04_23\Prj\IAR\FX15_Debug\Obj\FIRE_MMA7455.o
#        F:\Freescale\Debug\2016_04_23\Prj\IAR\FX15_Debug\Obj\FIRE_NRF24L0.o
#        F:\Freescale\Debug\2016_04_23\Prj\IAR\FX15_Debug\Obj\FIRE_NRF24L0_MSG.o
#        F:\Freescale\Debug\2016_04_23\Prj\IAR\FX15_Debug\Obj\FIRE_OV7725_Eagle.o
#        F:\Freescale\Debug\2016_04_23\Prj\IAR\FX15_Debug\Obj\FIRE_OV7725_Wolf.o
#        F:\Freescale\Debug\2016_04_23\Prj\IAR\FX15_Debug\Obj\FIRE_RTC_count.o
#        F:\Freescale\Debug\2016_04_23\Prj\IAR\FX15_Debug\Obj\FIRE_SCCB.o
#        F:\Freescale\Debug\2016_04_23\Prj\IAR\FX15_Debug\Obj\fire_sd_app.o
#        F:\Freescale\Debug\2016_04_23\Prj\IAR\FX15_Debug\Obj\FIRE_TSL1401.o
#        F:\Freescale\Debug\2016_04_23\Prj\IAR\FX15_Debug\Obj\FIRE_UI_VAR.o
#        F:\Freescale\Debug\2016_04_23\Lib\CMSIS\iar_cortexM4l_math.a
#        F:\Freescale\Debug\2016_04_23\Prj\IAR\FX15_Debug\Obj\main.o
#        F:\Freescale\Debug\2016_04_23\Prj\IAR\FX15_Debug\Obj\misc.o
#        F:\Freescale\Debug\2016_04_23\Prj\IAR\FX15_Debug\Obj\MK60_adc.o
#        F:\Freescale\Debug\2016_04_23\Prj\IAR\FX15_Debug\Obj\MK60_can.o
#        F:\Freescale\Debug\2016_04_23\Prj\IAR\FX15_Debug\Obj\MK60_dac.o
#        F:\Freescale\Debug\2016_04_23\Prj\IAR\FX15_Debug\Obj\MK60_dma.o
#        F:\Freescale\Debug\2016_04_23\Prj\IAR\FX15_Debug\Obj\MK60_DWT.o
#        F:\Freescale\Debug\2016_04_23\Prj\IAR\FX15_Debug\Obj\MK60_flash.o
#        F:\Freescale\Debug\2016_04_23\Prj\IAR\FX15_Debug\Obj\MK60_flexbus.o
#        F:\Freescale\Debug\2016_04_23\Prj\IAR\FX15_Debug\Obj\MK60_ftm.o
#        F:\Freescale\Debug\2016_04_23\Prj\IAR\FX15_Debug\Obj\MK60_gpio.o
#        F:\Freescale\Debug\2016_04_23\Prj\IAR\FX15_Debug\Obj\MK60_i2c.o
#        F:\Freescale\Debug\2016_04_23\Prj\IAR\FX15_Debug\Obj\MK60_it.o
#        F:\Freescale\Debug\2016_04_23\Prj\IAR\FX15_Debug\Obj\MK60_lptmr.o
#        F:\Freescale\Debug\2016_04_23\Prj\IAR\FX15_Debug\Obj\MK60_mcg.o
#        F:\Freescale\Debug\2016_04_23\Prj\IAR\FX15_Debug\Obj\MK60_PIT.o
#        F:\Freescale\Debug\2016_04_23\Prj\IAR\FX15_Debug\Obj\MK60_port.o
#        F:\Freescale\Debug\2016_04_23\Prj\IAR\FX15_Debug\Obj\MK60_rtc.o
#        F:\Freescale\Debug\2016_04_23\Prj\IAR\FX15_Debug\Obj\MK60_sdhc.o
#        F:\Freescale\Debug\2016_04_23\Prj\IAR\FX15_Debug\Obj\MK60_spi.o
#        F:\Freescale\Debug\2016_04_23\Prj\IAR\FX15_Debug\Obj\MK60_SysTick.o
#        F:\Freescale\Debug\2016_04_23\Prj\IAR\FX15_Debug\Obj\MK60_uart.o
#        F:\Freescale\Debug\2016_04_23\Prj\IAR\FX15_Debug\Obj\MK60_usb.o
#        F:\Freescale\Debug\2016_04_23\Prj\IAR\FX15_Debug\Obj\MK60_wdog.o
#        F:\Freescale\Debug\2016_04_23\Prj\IAR\FX15_Debug\Obj\Motor.o
#        F:\Freescale\Debug\2016_04_23\Prj\IAR\FX15_Debug\Obj\startup_MK60DZ10.o
#        F:\Freescale\Debug\2016_04_23\Prj\IAR\FX15_Debug\Obj\Steering.o
#        F:\Freescale\Debug\2016_04_23\Prj\IAR\FX15_Debug\Obj\system_MK60DZ10.o
#        F:\Freescale\Debug\2016_04_23\Prj\IAR\FX15_Debug\Obj\USB.o
#        F:\Freescale\Debug\2016_04_23\Prj\IAR\FX15_Debug\Obj\USB_CDC.o
#        F:\Freescale\Debug\2016_04_23\Prj\IAR\FX15_Debug\Obj\vectors.o -o
#        F:\Freescale\Debug\2016_04_23\Prj\IAR\FX15_Debug\Exe\fire_Kinetis.out
#        --map
#        F:\Freescale\Debug\2016_04_23\Prj\IAR\FX15_Debug\List\fire_Kinetis.map
#        --config "F:\Freescale\Debug\2016_04_23\Prj\IAR\config
#        files\fire_ROM_K60N512.icf" --entry __iar_program_start --redirect
#        __write=__write_buffered --vfe
#
###############################################################################

*******************************************************************************
*** RUNTIME MODEL ATTRIBUTES
***

CppFlavor       = *
__SystemLibrary = DLib


*******************************************************************************
*** PLACEMENT SUMMARY
***

"A1":  place at 0x00000000 { ro section .intvec };
"A2":  place at 0x00000410 { ro section .noinit };
"P1":  place in [from 0x00000000 to 0x00040000] { ro, block CodeRelocate };
"P2":  place in [from 0x1fff0410 to 0x20010000] {
          rw, block CodeRelocateRam, block CSTACK, block HEAP };

  Section              Kind        Address    Size  Object
  -------              ----        -------    ----  ------
"A1":                                        0x410
  .intvec              const    0x00000000   0x410  vectors.o [1]
                              - 0x00000410   0x410

"A2":                                          0x8
  .noinit              ro code  0x00000410     0x8  startup_MK60DZ10.o [1]
                              - 0x00000418     0x8

"P1":                                       0x54b8
  .text                ro code  0x00000418   0xd9a  xprintffull_nomb.o [3]
  .text                ro code  0x000011b2    0x22  zero_init3.o [5]
  .text                ro code  0x000011d4    0x16  strchr.o [5]
  .rodata              const    0x000011ea     0x2  MK60_uart.o [1]
  .text                ro code  0x000011ec    0x36  strlen.o [5]
  .rodata              const    0x00001222     0x2  MK60_uart.o [1]
  .text                ro code  0x00001224    0x58  memchr.o [5]
  .text                ro code  0x0000127c    0xee  I64DivMod.o [5]
  .rodata              const    0x0000136a     0x2  MK60_uart.o [1]
  .text                ro code  0x0000136c    0x76  ABImemcpy_unaligned.o [5]
  .text                ro code  0x000013e2    0x42  xdnorm.o [4]
  .text                ro code  0x00001424    0x2e  DblCmpLe.o [4]
  .rodata              const    0x00001452     0x2  MK60_uart.o [1]
  .text                ro code  0x00001454    0x2e  DblCmpGe.o [4]
  .text                ro code  0x00001484   0x118  xdscale.o [4]
  .text                ro code  0x0000159c    0x58  DblToI32.o [4]
  .text                ro code  0x000015f4    0x30  I32ToDbl.o [4]
  .text                ro code  0x00001624   0x180  DblSub.o [4]
  .text                ro code  0x000017a4   0x1a2  DblMul.o [4]
  .text                ro code  0x00001948   0x256  DblDiv.o [4]
  .text                ro code  0x00001ba0    0x6c  localeconv.o [3]
  .text                ro code  0x00001c0c     0xe  div.o [3]
  .text                ro code  0x00001c1c     0x2  I64DivZer.o [5]
  .text                ro code  0x00001c20    0xd4  DblAdd.o [4]
  .text                ro code  0x00001cf4     0x2  xtls.o [3]
  .data_init                    0x00001cf8   0x82c  <Block>
    Initializer bytes  const    0x00001cf8   0x82c  <for .data-1> (used: 0x828)
  .text                ro code  0x00002524   0x500  MK60_ftm.o [1]
  Veneer               ro code  0x00002a24     0x8  - Linker created -
  Veneer               ro code  0x00002a2c     0x8  - Linker created -
  .text                ro code  0x00002a34   0x118  FIRE_MK60_conf.o [1]
  .text                ro code  0x00002b4c    0x84  MK60_port.o [1]
  .text                ro code  0x00002bd0    0x24  printf.o [3]
  .text                ro code  0x00002bf4   0x300  MK60_uart.o [1]
  .text                ro code  0x00002ef4    0xe0  FIRE_key.o [1]
  .text                ro code  0x00002fd4    0x64  FIRE_LED.o [1]
  .text                ro code  0x00003038    0x78  MK60_DWT.o [1]
  .text                ro code  0x000030b0   0x1a4  MK60_gpio.o [1]
  .rodata              const    0x00003254   0x4b4  main.o [1]
  .text                ro code  0x00003708   0x480  CCDB.o [1]
  .text                ro code  0x00003b88   0x454  CCDA.o [1]
  Veneer               ro code  0x00003fdc     0x8  - Linker created -
  .text                ro code  0x00003fe4   0x3d4  MK60_mcg.o [1]
  .text                ro code  0x000043b8   0x2d4  Motor.o [1]
  .text                ro code  0x0000468c   0x2b8  MK60_adc.o [1]
  .text                ro code  0x00004944   0x260  FIRE_TSL1401.o [1]
  .text                ro code  0x00004ba4    0x7c  MK60_PIT.o [1]
  CodeRelocate                  0x00004c20   0x1e0  <Block>
    Initializer bytes  const    0x00004c20   0x1e0  <for CodeRelocateRam-1>
  .text                ro code  0x00004e00   0x1d0  main.o [1]
  .text                ro code  0x00004fd0    0x7c  Encoder.o [1]
  .text                ro code  0x0000504c   0x16c  Steering.o [1]
  .text                ro code  0x000051b8    0x50  misc.o [1]
  .text                ro code  0x00005208    0xe0  MK60_lptmr.o [1]
  .text                ro code  0x000052e8    0x4e  FltToDbl.o [4]
  .text                ro code  0x00005338   0x124  system_MK60DZ10.o [1]
  .text                ro code  0x0000545c    0x40  MK60_wdog.o [1]
  .text                ro code  0x0000549c    0x7c  MK60_it.o [1]
  .rodata              const    0x00005518    0x3c  FIRE_MK60_conf.o [1]
  .rodata              const    0x00005554    0x38  FIRE_TSL1401.o [1]
  .rodata              const    0x0000558c    0x34  MK60_adc.o [1]
  .rodata              const    0x000055c0    0x34  MK60_flash.o [1]
  .rodata              const    0x000055f4    0x34  MK60_ftm.o [1]
  .rodata              const    0x00005628    0x34  MK60_gpio.o [1]
  .rodata              const    0x0000565c    0x34  MK60_lptmr.o [1]
  .rodata              const    0x00005690    0x34  MK60_PIT.o [1]
  .rodata              const    0x000056c4    0x34  MK60_uart.o [1]
  .rodata              const    0x000056f8    0x30  misc.o [1]
  .text                ro code  0x00005728    0x28  data_init.o [5]
  .rodata              const    0x00005750    0x24  FIRE_MK60_conf.o [1]
  .text                ro code  0x00005774    0x22  fpinit_M.o [4]
  .iar.init_table      const    0x00005798    0x10  - Linker created -
  .rodata              const    0x000057a8    0x20  FIRE_MK60_conf.o [1]
  .text                ro code  0x000057c8    0x1a  cmain.o [5]
  .text                ro code  0x000057e2     0x4  low_level_init.o [3]
  .text                ro code  0x000057e6     0x4  exit.o [3]
  .text                ro code  0x000057ec     0xa  cexit.o [5]
  .text                ro code  0x000057f8     0xc  XXexit.o [5]
  .text                ro code  0x00005804    0x16  xprout.o [3]
  .text                ro code  0x0000581c     0xc  putchar.o [3]
  .rodata              const    0x00005828    0x14  FIRE_MK60_conf.o [1]
  .text                ro code  0x0000583c     0xc  cstartup_M.o [5]
  .rodata              const    0x00005848     0x0  zero_init3.o [5]
  Initializer bytes    const    0x00005848    0x88  <for P2 s0>
                              - 0x000058d0  0x54b8

"P2":                                        0xe40
  .data                         0x1fff0410   0x828  <Block>
    .data-1                     0x1fff0410   0x828  <Init block>
      .data            inited   0x1fff0410     0x1  CCDA.o [1]
      .data            inited   0x1fff0411     0x1  CCDA.o [1]
      .data            inited   0x1fff0412     0x1  CCDB.o [1]
      .data            inited   0x1fff0413     0x1  CCDB.o [1]
      .data            inited   0x1fff0414     0x8  FIRE_key.o [1]
      .data            inited   0x1fff041c     0x4  FIRE_LED.o [1]
      .data            inited   0x1fff0420   0x708  FIRE_MK60_conf.o [1]
      .data            inited   0x1fff0b28     0x4  FIRE_TSL1401.o [1]
      .data            inited   0x1fff0b2c     0x4  FIRE_TSL1401.o [1]
      .data            inited   0x1fff0b30     0x4  FIRE_TSL1401.o [1]
      .data            inited   0x1fff0b34     0x8  MK60_adc.o [1]
      .data            inited   0x1fff0b3c     0xc  MK60_ftm.o [1]
      .data            inited   0x1fff0b48    0x14  MK60_gpio.o [1]
      .data            inited   0x1fff0b5c    0x58  MK60_mcg.o [1]
      .data            inited   0x1fff0bb4     0x4  MK60_mcg.o [1]
      .data            inited   0x1fff0bb8    0x14  MK60_port.o [1]
      .data            inited   0x1fff0bcc    0x18  MK60_uart.o [1]
      .data            inited   0x1fff0be4     0x4  Motor.o [1]
      .data            inited   0x1fff0be8     0x4  Motor.o [1]
      .data            inited   0x1fff0bec     0x4  Motor.o [1]
      .data            inited   0x1fff0bf0     0x2  Steering.o [1]
      .data            inited   0x1fff0bf2     0x2  Steering.o [1]
      .data            inited   0x1fff0bf4     0x2  Steering.o [1]
      .data            inited   0x1fff0bf6     0x2  Steering.o [1]
      .data            inited   0x1fff0bf8    0x40  xfiles.o [3]
  CodeRelocateRam               0x1fff0c38   0x1e0  <Block>
    CodeRelocateRam-1           0x1fff0c38   0x1e0  <Init block>
      Veneer           inited   0x1fff0c38     0x8  - Linker created -
      .textrw          inited   0x1fff0c40   0x188  MK60_flash.o [1]
      .textrw          inited   0x1fff0dc8    0x50  MK60_mcg.o [1]
  .bss                          0x1fff0e18   0x3b0  <Block>
    .bss               zero     0x1fff0e18     0x4  FIRE_TSL1401.o [1]
    .bss               zero     0x1fff0e1c     0x8  FIRE_TSL1401.o [1]
    .bss               zero     0x1fff0e24   0x300  main.o [1]
    .bss               zero     0x1fff1124     0xc  main.o [1]
    .bss               zero     0x1fff1130     0x4  Motor.o [1]
    .bss               zero     0x1fff1134     0x4  Motor.o [1]
    .bss               zero     0x1fff1138     0x4  Motor.o [1]
    .bss               zero     0x1fff113c     0x4  Motor.o [1]
    .bss               zero     0x1fff1140     0x4  Steering.o [1]
    .bss               zero     0x1fff1144     0x4  Steering.o [1]
    .bss               zero     0x1fff1148     0x4  Steering.o [1]
    .bss               zero     0x1fff114c     0x4  system_MK60DZ10.o [1]
    .bss               zero     0x1fff1150     0x4  system_MK60DZ10.o [1]
    .bss               zero     0x1fff1154     0x4  system_MK60DZ10.o [1]
    .bss               zero     0x1fff1158    0x50  xfiles.o [3]
    .bss               zero     0x1fff11a8     0x2  Encoder.o [1]
    .bss               zero     0x1fff11aa     0x2  Encoder.o [1]
    .bss               zero     0x1fff11ac     0x2  main.o [1]
    .bss               zero     0x1fff11ae     0x2  main.o [1]
    .bss               zero     0x1fff11b0     0x2  MK60_it.o [1]
    .bss               zero     0x1fff11b2     0x2  Motor.o [1]
    .bss               zero     0x1fff11b4     0x2  Motor.o [1]
    .bss               zero     0x1fff11b6     0x2  Motor.o [1]
    .bss               zero     0x1fff11b8     0x2  Motor.o [1]
    .bss               zero     0x1fff11ba     0x2  Motor.o [1]
    .bss               zero     0x1fff11bc     0x2  Motor.o [1]
    .bss               zero     0x1fff11be     0x1  CCDA.o [1]
    .bss               zero     0x1fff11bf     0x1  CCDA.o [1]
    .bss               zero     0x1fff11c0     0x1  CCDB.o [1]
    .bss               zero     0x1fff11c1     0x1  CCDB.o [1]
    .bss               zero     0x1fff11c2     0x1  FIRE_TSL1401.o [1]
    .bss               zero     0x1fff11c3     0x1  MK60_it.o [1]
    .bss               zero     0x1fff11c4     0x1  MK60_it.o [1]
  P2 s0                         0x1fff11c8    0x88  <Init block>
    __DLIB_PERTHREAD   inited   0x1fff11c8    0x88  localeconv.o [3]
                              - 0x1fff1250   0xe40


*******************************************************************************
*** INIT TABLE
***

          Address     Size
          -------     ----
Zero (__iar_zero_init3)
    1 destination range, total size 0x3ad:
          0x1fff0e18  0x3ad



*******************************************************************************
*** MODULE SUMMARY
***

    Module                 ro code  rw code  ro data  rw data
    ------                 -------  -------  -------  -------
F:\Freescale\Debug\2016_04_23\Prj\IAR\FX15_Debug\Obj: [1]
    CCDA.o                   1 108                 2        4
    CCDB.o                   1 152                 2        4
    Encoder.o                  124                          4
    FIRE_LED.o                 100                 4        4
    FIRE_MK60_conf.o           280             1 948    1 800
    FIRE_TSL1401.o             608                68       25
    FIRE_key.o                 224                 8        8
    MK60_DWT.o                 120
    MK60_PIT.o                 124                52
    MK60_adc.o                 696                60        8
    MK60_flash.o                        392      444
    MK60_ftm.o               1 280                64       12
    MK60_gpio.o                420                72       20
    MK60_it.o                  124                          4
    MK60_lptmr.o               224                52
    MK60_mcg.o                 980       80      172       92
    MK60_port.o                132                20       20
    MK60_uart.o                768                84       24
    MK60_wdog.o                 64
    Motor.o                    724                12       40
    Steering.o                 364                 8       20
    main.o                     464             1 204      784
    misc.o                      80                48
    startup_MK60DZ10.o           8
    system_MK60DZ10.o          292                         12
    vectors.o                                  1 040
    ---------------------------------------------------------
    Total:                  10 460      472    5 364    2 885

command line: [2]
    ---------------------------------------------------------
    Total:

dl7M_tlf.a: [3]
    div.o                       14
    exit.o                       4
    localeconv.o               108               136      136
    low_level_init.o             4
    printf.o                    36
    putchar.o                   12
    xfiles.o                                      64      144
    xprintffull_nomb.o       3 482
    xprout.o                    22
    xtls.o                       2
    ---------------------------------------------------------
    Total:                   3 684               200      280

m7M_tls.a: [4]
    DblAdd.o                   212
    DblCmpGe.o                  46
    DblCmpLe.o                  46
    DblDiv.o                   598
    DblMul.o                   418
    DblSub.o                   384
    DblToI32.o                  88
    FltToDbl.o                  78
    I32ToDbl.o                  48
    fpinit_M.o                  34
    xdnorm.o                    66
    xdscale.o                  280
    ---------------------------------------------------------
    Total:                   2 298

rt7M_tl.a: [5]
    ABImemcpy_unaligned.o      118
    I64DivMod.o                238
    I64DivZer.o                  2
    XXexit.o                    12
    cexit.o                     10
    cmain.o                     26
    cstartup_M.o                12
    data_init.o                 40
    memchr.o                    88
    strchr.o                    22
    strlen.o                    54
    zero_init3.o                34
    ---------------------------------------------------------
    Total:                     656

    Gaps                        18                 2
    Linker created              24        8       28
-------------------------------------------------------------
    Grand Total:            17 140      480    5 594    3 165


*******************************************************************************
*** ENTRY LIST
***

Entry                      Address   Size  Type      Object
-----                      -------   ----  ----      ------
.bss$$Base              0x1fff0e18          --   Gb  - Linker created -
.bss$$Limit             0x1fff11c8          --   Gb  - Linker created -
.data$$Base             0x1fff0410          --   Gb  - Linker created -
.data$$Limit            0x1fff0c38          --   Gb  - Linker created -
.data_init$$Base        0x00001cf8          --   Gb  - Linker created -
.data_init$$Limit       0x00002524          --   Gb  - Linker created -
.iar.init_table$$Base   0x00005798          --   Gb  - Linker created -
.iar.init_table$$Limit  0x000057a8          --   Gb  - Linker created -
?main                   0x000057c9         Code  Gb  cmain.o [5]
ADCN                    0x1fff0b34    0x8  Data  Gb  MK60_adc.o [1]
ASSERT_FAILED_STR       0x00005750   0x24  Data  Gb  FIRE_MK60_conf.o [1]
A_flag                  0x1fff11bf    0x1  Data  Gb  CCDA.o [1]
B_flag                  0x1fff11c1    0x1  Data  Gb  CCDB.o [1]
B_last                  0x1fff0413    0x1  Data  Gb  CCDB.o [1]
B_mid                   0x1fff0412    0x1  Data  Gb  CCDB.o [1]
B_width                 0x1fff11c0    0x1  Data  Gb  CCDB.o [1]
CCD_A                   0x00003b89  0x454  Code  Gb  CCDA.o [1]
CCD_B                   0x00003709  0x480  Code  Gb  CCDB.o [1]
CCD_Get_flag            0x1fff11c4    0x1  Data  Gb  MK60_it.o [1]
CCD_init                0x00004b5f   0x16  Code  Gb  FIRE_TSL1401.o [1]
CodeRelocate$$Base      0x00004c20          --   Gb  - Linker created -
CodeRelocate$$Limit     0x00004e00          --   Gb  - Linker created -
CodeRelocateRam$$Base   0x1fff0c38          --   Gb  - Linker created -
CodeRelocateRam$$Limit  0x1fff0e18          --   Gb  - Linker created -
D_KEY_get               0x00002f21   0x18  Code  Gb  FIRE_key.o [1]
D_KEY_init              0x00002ef5   0x2c  Code  Gb  FIRE_key.o [1]
EncoderL_init           0x00004fd1    0xa  Code  Gb  Encoder.o [1]
EncoderL_read           0x00004ff5   0x16  Code  Gb  Encoder.o [1]
EncoderR_init           0x00004fdb   0x1a  Code  Gb  Encoder.o [1]
EncoderR_read           0x0000500b   0x24  Code  Gb  Encoder.o [1]
Encoder_flag            0x1fff11c3    0x1  Data  Gb  MK60_it.o [1]
Error                   0x1fff1140    0x4  Data  Gb  Steering.o [1]
Error_L                 0x1fff11b2    0x2  Data  Gb  Motor.o [1]
Error_Last              0x1fff1144    0x4  Data  Gb  Steering.o [1]
Error_LastLast          0x1fff1148    0x4  Data  Gb  Steering.o [1]
Error_R                 0x1fff11b8    0x2  Data  Gb  Motor.o [1]
FTMN                    0x1fff0b3c    0xc  Data  Gb  MK60_ftm.o [1]
FTM_PWM_Duty            0x000027c5   0xee  Code  Gb  MK60_ftm.o [1]
FTM_PWM_init            0x00002525  0x2a0  Code  Gb  MK60_ftm.o [1]
FTM_QUAD_Init           0x000028b3  0x106  Code  Gb  MK60_ftm.o [1]
FTM_QUAD_clean          0x000029e5   0x28  Code  Gb  MK60_ftm.o [1]
FTM_QUAD_get            0x000029b9   0x2c  Code  Gb  MK60_ftm.o [1]
GPIOX                   0x1fff0b48   0x14  Data  Gb  MK60_gpio.o [1]
IRQ_time                0x1fff11b0    0x2  Data  Gb  MK60_it.o [1]
KEY_PTxn                0x1fff0414    0x8  Data  Gb  FIRE_key.o [1]
Kd                      0x1fff0bec    0x4  Data  Gb  Motor.o [1]
Ki                      0x1fff0be8    0x4  Data  Gb  Motor.o [1]
Kp                      0x1fff0be4    0x4  Data  Gb  Motor.o [1]
LED_PTxn                0x1fff041c    0x4  Data  Gb  FIRE_LED.o [1]
L_count                 0x1fff11a8    0x2  Data  Gb  Encoder.o [1]
LastError_L             0x1fff11b4    0x2  Data  Gb  Motor.o [1]
LastError_R             0x1fff11ba    0x2  Data  Gb  Motor.o [1]
LastLastError_L         0x1fff11b6    0x2  Data  Gb  Motor.o [1]
LastLastError_R         0x1fff11bc    0x2  Data  Gb  Motor.o [1]
LastVaule_L             0x1fff1134    0x4  Data  Gb  Motor.o [1]
LastVaule_R             0x1fff113c    0x4  Data  Gb  Motor.o [1]
Left_Backward           0x000043d3   0x1a  Code  Gb  Motor.o [1]
Left_Forward            0x000043b9   0x1a  Code  Gb  Motor.o [1]
Left_Speed_Control      0x00004421   0x1a  Code  Gb  Motor.o [1]
LoadInt                 0x000009a5   0x6e  Code  Lc  xprintffull_nomb.o [3]
Mid_Last                0x1fff0bf4    0x2  Data  Gb  Steering.o [1]
Mid_LastLast            0x1fff0bf6    0x2  Data  Gb  Steering.o [1]
Motor                   0x00004491  0x1b4  Code  Gb  Motor.o [1]
MotorSet_L              0x1fff11ac    0x2  Data  Gb  main.o [1]
MotorSet_R              0x1fff11ae    0x2  Data  Gb  main.o [1]
Motor_init              0x00004455   0x3c  Code  Gb  Motor.o [1]
NVIC_EnableIRQ          0x00004e01   0x14  Code  Lc  main.o [1]
NVIC_SystemReset        0x00002a35   0x1a  Code  Lc  FIRE_MK60_conf.o [1]
OutputVaule_L           0x1fff1130    0x4  Data  Gb  Motor.o [1]
OutputVaule_R           0x1fff1138    0x4  Data  Gb  Motor.o [1]
PIT0_IRQHandler         0x0000549d   0x7c  Code  Gb  MK60_it.o [1]
PORTX                   0x1fff0bb8   0x14  Data  Gb  MK60_port.o [1]
R_count                 0x1fff11aa    0x2  Data  Gb  Encoder.o [1]
Region$$Table$$Base     0x00005798          --   Gb  - Linker created -
Region$$Table$$Limit    0x000057a8          --   Gb  - Linker created -
Reset_Handler           0x00000411         Code  Gb  startup_MK60DZ10.o [1]
Right_Backward          0x00004407   0x1a  Code  Gb  Motor.o [1]
Right_Forward           0x000043ed   0x1a  Code  Gb  Motor.o [1]
Right_Speed_Control     0x0000443b   0x1a  Code  Gb  Motor.o [1]
Send_CCD                0x00002bf5   0x4a  Code  Gb  MK60_uart.o [1]
Sendware                0x00002c3f   0x3c  Code  Gb  MK60_uart.o [1]
Speed_read              0x0000502f   0x14  Code  Gb  Encoder.o [1]
Steering                0x00005071  0x116  Code  Gb  Steering.o [1]
Steering_Control        0x0000505f   0x12  Code  Gb  Steering.o [1]
Steering_init           0x0000504d   0x12  Code  Gb  Steering.o [1]
Turn                    0x1fff0bf0    0x2  Data  Gb  Steering.o [1]
Turn_Last               0x1fff0bf2    0x2  Data  Gb  Steering.o [1]
UARTN                   0x1fff0bcc   0x18  Data  Gb  MK60_uart.o [1]
_GenldFullNoMb          0x00000f1b  0x24e  Code  Lc  xprintffull_nomb.o [3]
_LdtobFullNoMb          0x00000b19  0x3fc  Code  Lc  xprintffull_nomb.o [3]
_LitobFullNoMb          0x00000a13  0x106  Code  Lc  xprintffull_nomb.o [3]
_Locale_aeabi_lconv     0x1fff1218   0x38  Data  Gb  localeconv.o [3]
_Locale_lconv           0x1fff11c8   0x50  Data  Gb  localeconv.o [3]
_PrintfFullNoMb         0x00000419  0x586  Code  Gb  xprintffull_nomb.o [3]
_Prout                  0x00005805   0x16  Code  Gb  xprout.o [3]
_PutcharsFullNoMb       0x00001169   0x2e  Code  Lc  xprintffull_nomb.o [3]
__BOOT_STACK_ADDRESS {Abs}
                        0x2000fff8          --   Gb  command line/config [2]
__VECTOR_RAM {Abs}      0x1fff0000          --   Gb  command line/config [2]
__VECTOR_TABLE {Abs}    0x00000000          --   Gb  command line/config [2]
__aeabi_cdcmple         0x00001425         Code  Gb  DblCmpLe.o [4]
__aeabi_cdrcmple        0x00001455         Code  Gb  DblCmpGe.o [4]
__aeabi_d2iz            0x0000159d         Code  Gb  DblToI32.o [4]
__aeabi_d2uiz           0x000015c9         Code  Gb  DblToI32.o [4]
__aeabi_ddiv            0x00001949         Code  Gb  DblDiv.o [4]
__aeabi_dmul            0x000017a5         Code  Gb  DblMul.o [4]
__aeabi_dsub            0x00001625         Code  Gb  DblSub.o [4]
__aeabi_f2d             0x000052e9         Code  Gb  FltToDbl.o [4]
__aeabi_i2d             0x000015f5         Code  Gb  I32ToDbl.o [4]
__aeabi_ldiv0           0x00001c1d         Code  Gb  I64DivZer.o [5]
__aeabi_ui2d            0x00001609         Code  Gb  I32ToDbl.o [4]
__aeabi_uldivmod        0x0000127d         Code  Gb  I64DivMod.o [5]
__cmain                 0x000057c9         Code  Gb  cmain.o [5]
__code_start__ {Abs}    0x00000410          --   Gb  command line/config [2]
__exit                  0x000057f9         Code  Gb  XXexit.o [5]
__iar_Dnorm             0x000013e3   0x42  Code  Gb  xdnorm.o [4]
__iar_Dscale            0x00001485  0x118  Code  Gb  xdscale.o [4]
__iar_Locale_lconv_init
                        0x00001ba1   0x3a  Code  Gb  localeconv.o [3]
__iar_Memchr            0x00001225         Code  Gb  memchr.o [5]
__iar_Stdout            0x1fff0bf8   0x40  Data  Gb  xfiles.o [3]
__iar_Strchr            0x000011d5         Code  Gb  strchr.o [5]
__iar_d2uiz             0x000015d5         Code  Gb  DblToI32.o [4]
__iar_dadd              0x00001c21         Code  Gb  DblAdd.o [4]
__iar_data_init3        0x00005729   0x28  Code  Gb  data_init.o [5]
__iar_dlib_perthread_access
                        0x00001cf5    0x2  Code  Gb  xtls.o [3]
__iar_dsub              0x00001639         Code  Gb  DblSub.o [4]
__iar_dsubStart         0x0000164b         Code  Gb  DblSub.o [4]
__iar_init_vfp          0x00005775         Code  Gb  fpinit_M.o [4]
__iar_program_start     0x0000583d         Code  Gb  cstartup_M.o [5]
__iar_ui2d              0x0000160d         Code  Gb  I32ToDbl.o [4]
__iar_unaligned___aeabi_memcpy
                        0x0000136d         Code  Gb  ABImemcpy_unaligned.o [5]
__iar_unaligned___aeabi_memcpy4
                        0x0000138d         Code  Gb  ABImemcpy_unaligned.o [5]
__iar_unaligned___aeabi_memcpy8
                        0x0000138d         Code  Gb  ABImemcpy_unaligned.o [5]
__iar_zero_init3        0x000011b3   0x22  Code  Gb  zero_init3.o [5]
__low_level_init        0x000057e3    0x4  Code  Gb  low_level_init.o [3]
__vector_table          0x00000000  0x410  Data  Gb  vectors.o [1]
_call_main              0x000057d5         Code  Gb  cmain.o [5]
_exit                   0x000057ed         Code  Gb  cexit.o [5]
_main                   0x000057df         Code  Gb  cmain.o [5]
adc_init                0x0000468d  0x20e  Code  Gb  MK60_adc.o [1]
adc_once                0x0000489b   0x50  Code  Gb  MK60_adc.o [1]
adc_start               0x000048eb   0x44  Code  Lc  MK60_adc.o [1]
assert_failed           0x00002a4f   0x12  Code  Gb  FIRE_MK60_conf.o [1]
bus_clk_khz             0x1fff1154    0x4  Data  Gb  system_MK60DZ10.o [1]
common_startup          0x0000538d   0x98  Code  Gb  system_MK60DZ10.o [1]
core_clk_khz            0x1fff114c    0x4  Data  Gb  system_MK60DZ10.o [1]
core_clk_mhz            0x1fff1150    0x4  Data  Gb  system_MK60DZ10.o [1]
default_isr             0x00002b0f   0x1c  Code  Gb  FIRE_MK60_conf.o [1]
div                     0x00001c0d    0xe  Code  Gb  div.o [3]
dwt_delay_ms            0x00003099   0x18  Code  Gb  MK60_DWT.o [1]
dwt_delay_us            0x00003039   0x4e  Code  Gb  MK60_DWT.o [1]
exit                    0x000057e7    0x4  Code  Gb  exit.o [3]
flash_cmd               0x1fff0c41   0x20  Code  Gb  MK60_flash.o [1]
flash_erase_sector      0x1fff0c7d   0x5c  Code  Gb  MK60_flash.o [1]
flash_init              0x1fff0c61   0x1c  Code  Gb  MK60_flash.o [1]
flash_write             0x1fff0cd9   0xb4  Code  Gb  MK60_flash.o [1]
fputc                   0x00002a61   0x14  Code  Gb  FIRE_MK60_conf.o [1]
gpio_get                0x0000320d   0x3e  Code  Gb  MK60_gpio.o [1]
gpio_init               0x000030b1   0xae  Code  Gb  MK60_gpio.o [1]
gpio_set                0x0000315f   0x74  Code  Gb  MK60_gpio.o [1]
gpio_turn               0x000031d3   0x3a  Code  Gb  MK60_gpio.o [1]
key_check               0x00002fa5   0x2a  Code  Gb  FIRE_key.o [1]
key_get                 0x00002f8b   0x1a  Code  Gb  FIRE_key.o [1]
key_init                0x00002f39   0x52  Code  Gb  FIRE_key.o [1]
last                    0x1fff0411    0x1  Data  Gb  CCDA.o [1]
led                     0x0000300f   0x16  Code  Gb  FIRE_LED.o [1]
led_init                0x00002fd5   0x3a  Code  Gb  FIRE_LED.o [1]
led_turn                0x00003025   0x10  Code  Gb  FIRE_LED.o [1]
localeconv              0x00001bdb   0x16  Code  Gb  localeconv.o [3]
lptmr_pulse_clean       0x000052b3   0x1a  Code  Gb  MK60_lptmr.o [1]
lptmr_pulse_get         0x00005293   0x20  Code  Gb  MK60_lptmr.o [1]
lptmr_pulse_init        0x00005209   0x8a  Code  Gb  MK60_lptmr.o [1]
main                    0x00004e15  0x17c  Code  Gb  main.o [1]
mcg_cfg                 0x1fff0b5c   0x58  Data  Gb  MK60_mcg.o [1]
mcg_div                 0x1fff0bb4    0x4  Data  Gb  MK60_mcg.o [1]
mcg_div_count           0x00003fe5  0x306  Code  Gb  MK60_mcg.o [1]
memchr                  0x00001225         Code  Gb  memchr.o [5]
mid                     0x1fff0410    0x1  Data  Gb  CCDA.o [1]
obuf                    0x1fff1158   0x50  Data  Lc  xfiles.o [3]
pit_init                0x00004ba5   0x6c  Code  Gb  MK60_PIT.o [1]
pll_init                0x000042eb   0xb2  Code  Gb  MK60_mcg.o [1]
port_init               0x00002b4d   0x2e  Code  Gb  MK60_port.o [1]
port_init_NoALT         0x00002b7b   0x4c  Code  Gb  MK60_port.o [1]
printf                  0x00002bd1   0x24  Code  Gb  printf.o [3]
putchar                 0x0000581d    0xc  Code  Gb  putchar.o [3]
set_sys_dividers        0x1fff0dc9   0x50  Code  Gb  MK60_mcg.o [1]
set_vector_handler      0x000051db   0x22  Code  Gb  misc.o [1]
start                   0x00005339   0x18  Code  Gb  system_MK60DZ10.o [1]
start_check             0x00002a75   0x9a  Code  Gb  FIRE_MK60_conf.o [1]
strchr                  0x000011d5         Code  Gb  strchr.o [5]
strlen                  0x000011ed         Code  Gb  strlen.o [5]
sysinit                 0x00005351   0x3c  Code  Gb  system_MK60DZ10.o [1]
tsl1401                 0x1fff0e24  0x300  Data  Gb  main.o [1]
tsl1401_addr            0x1fff0e1c    0x8  Data  Gb  FIRE_TSL1401.o [1]
tsl1401_ch              0x1fff0b28    0x4  Data  Gb  FIRE_TSL1401.o [1]
tsl1401_clk             0x1fff0b30    0x4  Data  Gb  FIRE_TSL1401.o [1]
tsl1401_clk_out         0x00004975   0x30  Code  Gb  FIRE_TSL1401.o [1]
tsl1401_delay           0x00004a73   0x12  Code  Lc  FIRE_TSL1401.o [1]
tsl1401_flag            0x1fff11c2    0x1  Data  Lc  FIRE_TSL1401.o [1]
tsl1401_gather          0x00004a85   0x80  Code  Lc  FIRE_TSL1401.o [1]
tsl1401_get_img         0x00004a4d    0x8  Code  Gb  FIRE_TSL1401.o [1]
tsl1401_init            0x000049a5   0x52  Code  Gb  FIRE_TSL1401.o [1]
tsl1401_restet          0x00004b05   0x5a  Code  Lc  FIRE_TSL1401.o [1]
tsl1401_set_addrs       0x000049f7   0x56  Code  Gb  FIRE_TSL1401.o [1]
tsl1401_si              0x1fff0b2c    0x4  Data  Gb  FIRE_TSL1401.o [1]
tsl1401_si_out          0x00004945   0x30  Code  Gb  FIRE_TSL1401.o [1]
tsl1401_time            0x1fff0e18    0x4  Data  Lc  FIRE_TSL1401.o [1]
tsl1401_time_isr        0x00004a55   0x1e  Code  Gb  FIRE_TSL1401.o [1]
uart_init               0x00002c7b  0x212  Code  Gb  MK60_uart.o [1]
uart_putbuff            0x00002ea7   0x24  Code  Gb  MK60_uart.o [1]
uart_putchar            0x00002e8d   0x1a  Code  Gb  MK60_uart.o [1]
var                     0x1fff1124    0xc  Data  Gb  main.o [1]
vector_str              0x1fff0420  0x708  Data  Gb  FIRE_MK60_conf.o [1]
wdog_disable            0x0000545d   0x16  Code  Gb  MK60_wdog.o [1]
wdog_unlock             0x00005475   0x20  Code  Lc  MK60_wdog.o [1]
width                   0x1fff11be    0x1  Data  Gb  CCDA.o [1]
write_vtor              0x000051b9   0x22  Code  Gb  misc.o [1]


[1] = F:\Freescale\Debug\2016_04_23\Prj\IAR\FX15_Debug\Obj
[2] = command line
[3] = dl7M_tlf.a
[4] = m7M_tls.a
[5] = rt7M_tl.a

  17 140 bytes of readonly  code memory
     480 bytes of readwrite code memory
   5 594 bytes of readonly  data memory
   3 165 bytes of readwrite data memory

Errors: none
Warnings: none
